[INFO filter] | 2000-01-01 00:00:00 | 0
[INFO user_analysis] | 2020-11-08 22:00:49 |0
[INFO user_analysis] | 2020-11-08 23:10:17 |1